--------------------------------------------------------------------------------------
Timing Analyzer Summary
--------------------------------------------------------------------------------------

Type           : Worst-case tsu
Slack          : N/A
Required Time  : None
Actual Time    : 5.396 ns
From           : str
To             : BoothMultiplierControlUnit:control|counter[0]
From Clock     : --
To Clock       : clk
Failed Paths   : 0

Type           : Worst-case tco
Slack          : N/A
Required Time  : None
Actual Time    : 9.669 ns
From           : BoothMultiplierDatapath:datapath|new_multiplier[2]
To             : result[2]
From Clock     : clk
To Clock       : --
Failed Paths   : 0

Type           : Worst-case th
Slack          : N/A
Required Time  : None
Actual Time    : -3.493 ns
From           : multiplicand[2]
To             : BoothMultiplierDatapath:datapath|temp_multiplicand[2]
From Clock     : --
To Clock       : clk
Failed Paths   : 0

Type           : Clock Setup: 'clk'
Slack          : N/A
Required Time  : None
Actual Time    : 148.13 MHz ( period = 6.751 ns )
From           : BoothMultiplierDatapath:datapath|new_multiplier[2]
To             : BoothMultiplierDatapath:datapath|new_multiplier[0]
From Clock     : clk
To Clock       : clk
Failed Paths   : 0

Type           : Total number of failed paths
Slack          : 
Required Time  : 
Actual Time    : 
From           : 
To             : 
From Clock     : 
To Clock       : 
Failed Paths   : 0

--------------------------------------------------------------------------------------

